======================================================================
1. LOAD & INSPECT
======================================================================
X_train: (5052, 30)  float32
y_train: (5052,)  int64
X_val  : (1127, 30)    float32
y_val  : (1127,)    int64
X_test : (1013, 30)    float32
y_test : (1013,)    int64

NaN in train: False
NaN in val  : False
NaN in test : False

Train label counts: [2533 2519]
Val   label counts: [556 571]
Test  label counts: [502 511]

======================================================================
2. EDA
======================================================================
Class balance: real=2533  fake=2519  ratio=1.01

Features with ~zero variance: 0 []
Feature variance range: [4.1790e-04, 3.3155e+05]
Feature pairs with |r| > 0.95: 0

Saved reports/eda_feature_distributions.png

======================================================================
3. XGBOOST BASELINE (untuned)
======================================================================
Fit time: 2.41s
Val ROC-AUC: 0.9241

              precision    recall  f1-score   support

           0     0.8396    0.8381    0.8389       556
           1     0.8427    0.8441    0.8434       571

    accuracy                         0.8412      1127
   macro avg     0.8411    0.8411    0.8411      1127
weighted avg     0.8412    0.8412    0.8412      1127

======================================================================
4. XGBOOST HYPERPARAMETER TUNING
======================================================================
Fitting 5 folds for each of 243 candidates, totalling 1215 fits

Grid search time: 767.0s
Best params: {'colsample_bytree': 0.9, 'learning_rate': 0.1, 'max_depth': 4, 'n_estimators': 500, 'subsample': 0.9}
Best CV ROC-AUC: 0.8660

Tuned model on val:
              precision    recall  f1-score   support

           0     0.8403    0.8327    0.8365       556
           1     0.8385    0.8459    0.8422       571

    accuracy                         0.8394      1127
   macro avg     0.8394    0.8393    0.8393      1127
weighted avg     0.8394    0.8394    0.8394      1127

Val ROC-AUC: 0.9332

======================================================================
TUNED MODEL ON TEST HOLDOUT
======================================================================
              precision    recall  f1-score   support

           0     0.8158    0.8207    0.8183       502
           1     0.8228    0.8180    0.8204       511

    accuracy                         0.8193      1013
   macro avg     0.8193    0.8194    0.8193      1013
weighted avg     0.8194    0.8193    0.8194      1013

Test ROC-AUC: 0.9118

Saved reports/test_probs.npy
Saved reports/test_labels.npy

Saved reports/xgboost_tuned.joblib
Saved reports/xgboost_best_params.json

======================================================================
5. MODEL COMPARISON
======================================================================
XGBoost               acc=0.8412  f1=0.8434  auc=0.9241  (3.5s)
RandomForest          acc=0.7977  f1=0.7968  auc=0.8899  (2.4s)
LogisticRegression    acc=0.7604  f1=0.7615  auc=0.8576  (0.4s)
KNN                   acc=0.7258  f1=0.7366  auc=0.8103  (0.0s)

Saved reports/model_comparison.csv

             model  accuracy  precision   recall       f1  roc_auc  fit_time_s
           XGBoost  0.841171   0.842657 0.844133 0.843395 0.924117        3.53
      RandomForest  0.797693   0.811252 0.782837 0.796791 0.889877        2.40
LogisticRegression  0.760426   0.768271 0.754816 0.761484 0.857567        0.35
               KNN  0.725821   0.717608 0.756567 0.736573 0.810258        0.01



